// Vitest Snapshot v1

exports[`VButton > default slot 1`] = `"<a class=\\"v-button\\" tabindex=\\"0\\">Button</a>"`;

exports[`VButton > disabled prop 1`] = `"<a class=\\"v-button v-button--disabled\\"></a>"`;

exports[`VButton > render default props 1`] = `"<a class=\\"v-button\\" tabindex=\\"0\\"></a>"`;
